\BOOKMARK [1][-]{Doc-Start}{\376\377\000O\000g\000\363\000l\000n\000a\000\040\000s\000t\000r\000u\000k\000t\000u\000r\000a\000\040\000p\000r\000o\000j\000e\000k\000t\000u}{}% 1
\BOOKMARK [2][-]{section*.1}{\376\377\000W\000p\000r\000o\000w\000a\000d\000z\000e\000n\000i\000e}{Doc-Start}% 2
\BOOKMARK [2][-]{section*.1}{\376\377\000O\000g\000\363\000l\000n\000a\000\040\000s\000t\000r\000u\000k\000t\000u\000r\000a\000\040\000w\000z\000m\000a\000c\000n\000i\000a\000c\000z\000a}{Doc-Start}% 3
\BOOKMARK [1][-]{section.1}{\376\377\000P\000r\000z\000e\000d\000w\000z\000m\000a\000c\000n\000i\000a\000c\000z\000\040\000o\000p\000a\000r\000t\000y\000\040\000o\000\040\000P\000G\000A\0002\0000\0004\000A\000P}{}% 4
\BOOKMARK [2][-]{subsection.1.1}{\376\377\000S\000c\000h\000e\000m\000a\000t\000\040\000w\000z\000m\000a\000c\000n\000i\000a\000c\000z\000a}{section.1}% 5
\BOOKMARK [2][-]{subsection.1.2}{\376\377\000W\000a\000r\000t\000o\001\133\000c\000i\000\040\000u\001\174\000y\000t\000y\000c\000h\000\040\000e\000l\000e\000m\000e\000n\000t\000\363\000w}{section.1}% 6
\BOOKMARK [1][-]{section.2}{\376\377\000F\000i\000l\000t\000r\000\040\000p\000a\000s\000m\000o\000w\000o\000\040\000p\000r\000z\000e\000p\000u\000s\000t\000o\000w\000y\000\040\000o\000\040\000p\000a\001\133\000m\000i\000e\000\040\0000\000.\0005\000\040\000H\000z\000\040\000-\000\040\0005\0000\0000\000\040\000H\000z}{}% 7
\BOOKMARK [2][-]{subsection.2.1}{\376\377\000S\000c\000h\000e\000m\000a\000t\000\040\000f\000i\000l\000t\000r\000a}{section.2}% 8
\BOOKMARK [2][-]{subsection.2.2}{\376\377\001\006\000w\000i\000c\000z\000e\000n\000i\000e\000\040\000o\000b\000l\000i\000c\000z\000e\000n\000i\000o\000w\000e}{section.2}% 9
\BOOKMARK [2][-]{subsection.2.3}{\376\377\000W\000a\000r\000t\000o\001\133\000c\000i\000\040\000u\001\174\000y\000t\000y\000c\000h\000\040\000e\000l\000e\000m\000e\000n\000t\000\363\000w\000\040\000-\000\040\000w\000a\000r\000t\000o\001\133\000c\000i\000\040\000t\000e\000o\000r\000e\000t\000y\000c\000z\000n\000e}{section.2}% 10
\BOOKMARK [2][-]{subsection.2.4}{\376\377\000W\000a\000r\000t\000o\001\133\000c\000i\000\040\000u\001\174\000y\000t\000y\000c\000h\000\040\000e\000l\000e\000m\000e\000n\000t\000\363\000w\000\040\000-\000\040\000w\000a\000r\000t\000o\001\133\000c\000i\000\040\000r\000z\000e\000c\000z\000y\000w\000i\000s\000t\000y\000c\000h}{section.2}% 11
\BOOKMARK [2][-]{subsection.2.5}{\376\377\000O\000d\000p\000o\000w\000i\000e\000d\001\172\000\040\000c\000z\001\031\000s\000t\000o\000t\000l\000i\000w\000o\001\133\000c\000i\000o\000w\000a\000\040\000f\000i\000l\000t\000r\000a}{section.2}% 12
\BOOKMARK [1][-]{section.3}{\376\377\000F\000i\000l\000t\000r\000\040\000p\000a\000s\000m\000o\000w\000o\000\040\000p\000r\000z\000e\000p\000u\000s\000t\000o\000w\000y\000\040\000o\000\040\000p\000a\001\133\000m\000i\000e\000\040\0001\000\040\000-\000\040\0003\0000\0000\000\040\000H\000z}{}% 13
\BOOKMARK [2][-]{subsection.3.1}{\376\377\000S\000c\000h\000e\000m\000a\000t\000\040\000f\000i\000l\000t\000r\000a}{section.3}% 14
\BOOKMARK [2][-]{subsection.3.2}{\376\377\000W\000a\000r\000t\000o\001\133\000c\000i\000\040\000u\001\174\000y\000t\000y\000c\000h\000\040\000e\000l\000e\000m\000e\000n\000t\000\363\000w\000\040\000-\000\040\000w\000a\000r\000t\000o\001\133\000c\000i\000\040\000t\000e\000o\000r\000e\000t\000y\000c\000z\000n\000e}{section.3}% 15
\BOOKMARK [2][-]{subsection.3.3}{\376\377\000W\000a\000r\000t\000o\001\133\000c\000i\000\040\000u\001\174\000y\000t\000y\000c\000h\000\040\000e\000l\000e\000m\000e\000n\000t\000\363\000w\000\040\000-\000\040\000w\000a\000r\000t\000o\001\133\000c\000i\000\040\000r\000z\000e\000c\000z\000y\000w\000i\000s\000t\000y\000c\000h}{section.3}% 16
\BOOKMARK [2][-]{subsection.3.4}{\376\377\000O\000d\000p\000o\000w\000i\000e\000d\001\172\000\040\000c\000z\001\031\000s\000t\000o\000t\000l\000i\000w\000o\001\133\000c\000i\000o\000w\000a\000\040\000f\000i\000l\000t\000r\000a}{section.3}% 17
\BOOKMARK [1][-]{section.4}{\376\377\000F\000i\000l\000t\000r\000\040\000N\000o\000t\000c\000h\000a\000\040\000o\000\040\000c\000z\001\031\000s\000t\000o\000t\000l\000i\000w\000o\001\133\000c\000i\000\040\0005\0000\000\040\000H\000z}{}% 18
\BOOKMARK [2][-]{subsection.4.1}{\376\377\000S\000c\000h\000e\000m\000a\000t\000\040\000f\000i\000l\000t\000r\000a}{section.4}% 19
\BOOKMARK [2][-]{subsection.4.2}{\376\377\000W\000a\000r\000t\000o\001\133\000c\000i\000\040\000u\001\174\000y\000t\000y\000c\000h\000\040\000e\000l\000e\000m\000e\000n\000t\000\363\000w\000\040\000-\000\040\000w\000a\000r\000t\000o\001\133\000c\000i\000\040\000t\000e\000o\000r\000e\000t\000y\000c\000z\000n\000e}{section.4}% 20
\BOOKMARK [2][-]{subsection.4.3}{\376\377\000W\000a\000r\000t\000o\001\133\000c\000i\000\040\000u\001\174\000y\000t\000y\000c\000h\000\040\000e\000l\000e\000m\000e\000n\000t\000\363\000w\000\040\000-\000\040\000w\000a\000r\000t\000o\001\133\000c\000i\000\040\000r\000z\000e\000c\000z\000y\000w\000i\000s\000t\000y\000c\000h}{section.4}% 21
\BOOKMARK [2][-]{subsection.4.4}{\376\377\000O\000d\000p\000o\000w\000i\000e\000d\001\172\000\040\000c\000z\001\031\000s\000t\000o\000t\000l\000i\000w\000o\001\133\000c\000i\000o\000w\000a\000\040\000f\000i\000l\000t\000r\000a}{section.4}% 22
\BOOKMARK [1][-]{section.5}{\376\377\000P\000o\000m\000i\000a\000r\000y\000\040\000b\000i\000o\000s\000y\000g\000n\000a\001\102\000\363\000w}{}% 23
\BOOKMARK [2][-]{subsection.5.1}{\376\377\000S\000c\000h\000e\000m\000a\000t\000\040\000f\000i\000l\000t\000r\000a}{section.5}% 24
\BOOKMARK [1][-]{section.6}{\376\377\000O\000b\000s\000e\000r\000w\000a\000c\000j\000e}{}% 25
\BOOKMARK [1][-]{section.7}{\376\377\000W\000n\000i\000o\000s\000k\000i}{}% 26
